------------------------------------------------------------
TimeQuest Timing Analyzer Summary
------------------------------------------------------------

Type  : Slow 1200mV 85C Model Setup 'sd_interface:sd_int|init_block:init|state.END'
Slack : -5.146
TNS   : -47.242

Type  : Slow 1200mV 85C Model Setup 'clock_divisor:clk_div|clk_250k'
Slack : -3.267
TNS   : -209.357

Type  : Slow 1200mV 85C Model Setup 'CLOCK_50'
Slack : -2.250
TNS   : -46.343

Type  : Slow 1200mV 85C Model Hold 'CLOCK_50'
Slack : -1.346
TNS   : -1.492

Type  : Slow 1200mV 85C Model Hold 'clock_divisor:clk_div|clk_250k'
Slack : -0.566
TNS   : -22.523

Type  : Slow 1200mV 85C Model Hold 'sd_interface:sd_int|init_block:init|state.END'
Slack : 2.074
TNS   : 0.000

Type  : Slow 1200mV 85C Model Minimum Pulse Width 'CLOCK_50'
Slack : -3.000
TNS   : -50.545

Type  : Slow 1200mV 85C Model Minimum Pulse Width 'clock_divisor:clk_div|clk_250k'
Slack : -1.285
TNS   : -140.065

Type  : Slow 1200mV 85C Model Minimum Pulse Width 'sd_interface:sd_int|init_block:init|state.END'
Slack : 0.473
TNS   : 0.000

Type  : Slow 1200mV 0C Model Setup 'sd_interface:sd_int|init_block:init|state.END'
Slack : -4.631
TNS   : -42.588

Type  : Slow 1200mV 0C Model Setup 'clock_divisor:clk_div|clk_250k'
Slack : -2.938
TNS   : -191.434

Type  : Slow 1200mV 0C Model Setup 'CLOCK_50'
Slack : -1.974
TNS   : -38.064

Type  : Slow 1200mV 0C Model Hold 'CLOCK_50'
Slack : -1.085
TNS   : -1.132

Type  : Slow 1200mV 0C Model Hold 'clock_divisor:clk_div|clk_250k'
Slack : -0.504
TNS   : -18.314

Type  : Slow 1200mV 0C Model Hold 'sd_interface:sd_int|init_block:init|state.END'
Slack : 1.933
TNS   : 0.000

Type  : Slow 1200mV 0C Model Minimum Pulse Width 'CLOCK_50'
Slack : -3.000
TNS   : -50.545

Type  : Slow 1200mV 0C Model Minimum Pulse Width 'clock_divisor:clk_div|clk_250k'
Slack : -1.285
TNS   : -140.065

Type  : Slow 1200mV 0C Model Minimum Pulse Width 'sd_interface:sd_int|init_block:init|state.END'
Slack : 0.456
TNS   : 0.000

Type  : Fast 1200mV 0C Model Setup 'sd_interface:sd_int|init_block:init|state.END'
Slack : -1.980
TNS   : -18.014

Type  : Fast 1200mV 0C Model Setup 'clock_divisor:clk_div|clk_250k'
Slack : -1.031
TNS   : -59.927

Type  : Fast 1200mV 0C Model Setup 'CLOCK_50'
Slack : -0.559
TNS   : -5.289

Type  : Fast 1200mV 0C Model Hold 'CLOCK_50'
Slack : -0.953
TNS   : -1.098

Type  : Fast 1200mV 0C Model Hold 'clock_divisor:clk_div|clk_250k'
Slack : -0.452
TNS   : -14.795

Type  : Fast 1200mV 0C Model Hold 'sd_interface:sd_int|init_block:init|state.END'
Slack : 1.004
TNS   : 0.000

Type  : Fast 1200mV 0C Model Minimum Pulse Width 'CLOCK_50'
Slack : -3.000
TNS   : -47.968

Type  : Fast 1200mV 0C Model Minimum Pulse Width 'clock_divisor:clk_div|clk_250k'
Slack : -1.000
TNS   : -109.000

Type  : Fast 1200mV 0C Model Minimum Pulse Width 'sd_interface:sd_int|init_block:init|state.END'
Slack : 0.394
TNS   : 0.000

------------------------------------------------------------
