------------------------------------------------------------
TimeQuest Timing Analyzer Summary
------------------------------------------------------------

Type  : Slow 1200mV 85C Model Setup 'sd_interface:sd_int|init_block:init|state.END'
Slack : -4.062
TNS   : -22.307

Type  : Slow 1200mV 85C Model Setup 'clock_divisor:clk_div|clk_250k'
Slack : -2.825
TNS   : -166.326

Type  : Slow 1200mV 85C Model Setup 'CLOCK_50'
Slack : -2.294
TNS   : -48.259

Type  : Slow 1200mV 85C Model Hold 'CLOCK_50'
Slack : -1.216
TNS   : -1.357

Type  : Slow 1200mV 85C Model Hold 'clock_divisor:clk_div|clk_250k'
Slack : -0.501
TNS   : -18.684

Type  : Slow 1200mV 85C Model Hold 'sd_interface:sd_int|init_block:init|state.END'
Slack : 0.916
TNS   : 0.000

Type  : Slow 1200mV 85C Model Minimum Pulse Width 'CLOCK_50'
Slack : -3.000
TNS   : -50.545

Type  : Slow 1200mV 85C Model Minimum Pulse Width 'clock_divisor:clk_div|clk_250k'
Slack : -1.285
TNS   : -136.210

Type  : Slow 1200mV 85C Model Minimum Pulse Width 'sd_interface:sd_int|init_block:init|state.END'
Slack : 0.440
TNS   : 0.000

Type  : Slow 1200mV 0C Model Setup 'sd_interface:sd_int|init_block:init|state.END'
Slack : -3.619
TNS   : -19.896

Type  : Slow 1200mV 0C Model Setup 'clock_divisor:clk_div|clk_250k'
Slack : -2.498
TNS   : -148.834

Type  : Slow 1200mV 0C Model Setup 'CLOCK_50'
Slack : -2.004
TNS   : -39.946

Type  : Slow 1200mV 0C Model Hold 'CLOCK_50'
Slack : -0.975
TNS   : -1.025

Type  : Slow 1200mV 0C Model Hold 'clock_divisor:clk_div|clk_250k'
Slack : -0.465
TNS   : -16.797

Type  : Slow 1200mV 0C Model Hold 'sd_interface:sd_int|init_block:init|state.END'
Slack : 0.844
TNS   : 0.000

Type  : Slow 1200mV 0C Model Minimum Pulse Width 'CLOCK_50'
Slack : -3.000
TNS   : -50.545

Type  : Slow 1200mV 0C Model Minimum Pulse Width 'clock_divisor:clk_div|clk_250k'
Slack : -1.285
TNS   : -136.210

Type  : Slow 1200mV 0C Model Minimum Pulse Width 'sd_interface:sd_int|init_block:init|state.END'
Slack : 0.426
TNS   : 0.000

Type  : Fast 1200mV 0C Model Setup 'sd_interface:sd_int|init_block:init|state.END'
Slack : -1.488
TNS   : -7.792

Type  : Fast 1200mV 0C Model Setup 'clock_divisor:clk_div|clk_250k'
Slack : -0.916
TNS   : -38.473

Type  : Fast 1200mV 0C Model Setup 'CLOCK_50'
Slack : -0.586
TNS   : -6.102

Type  : Fast 1200mV 0C Model Hold 'CLOCK_50'
Slack : -0.812
TNS   : -0.942

Type  : Fast 1200mV 0C Model Hold 'clock_divisor:clk_div|clk_250k'
Slack : -0.352
TNS   : -12.648

Type  : Fast 1200mV 0C Model Hold 'sd_interface:sd_int|init_block:init|state.END'
Slack : 0.430
TNS   : 0.000

Type  : Fast 1200mV 0C Model Minimum Pulse Width 'CLOCK_50'
Slack : -3.000
TNS   : -47.497

Type  : Fast 1200mV 0C Model Minimum Pulse Width 'clock_divisor:clk_div|clk_250k'
Slack : -1.000
TNS   : -106.000

Type  : Fast 1200mV 0C Model Minimum Pulse Width 'sd_interface:sd_int|init_block:init|state.END'
Slack : 0.324
TNS   : 0.000

------------------------------------------------------------
